node:internal/child_process:1104
    result.error = new ErrnoException(result.error, 'spawnSync ' + options.file);
                   ^

<ref *1> Error: spawnSync git EPERM
    at Object.spawnSync (node:internal/child_process:1104:20)
    at spawnSync (node:child_process:911:24)
    at execFileSync (node:child_process:954:15)
    at loadBodyFixture (file:///home/cmish/MECHA/MT1/explore/body-shell-03/tools/verify-body-surface.mjs:34:17)
    at verifyBodySurface (file:///home/cmish/MECHA/MT1/explore/body-shell-03/tools/verify-body-surface.mjs:226:25)
    at file:///home/cmish/MECHA/MT1/explore/body-shell-03/tools/verify-body-surface.mjs:251:24
    at ModuleJob.run (node:internal/modules/esm/module_job:413:25)
    at async onImport.tracePromise.__proto__ (node:internal/modules/esm/loader:654:26)
    at async asyncRunEntryPointWithESMLoader (node:internal/modules/run_main:101:5) {
  errno: -1,
  code: 'EPERM',
  syscall: 'spawnSync git',
  path: 'git',
  spawnargs: [ 'rev-parse', '--verify', '3780e02^{commit}' ],
  error: [Circular *1],
  status: 0,
  signal: null,
  output: [ null, '3780e0241d4ee6610baf849e33f0348ce32adb33\n', '' ],
  pid: 17,
  stdout: '3780e0241d4ee6610baf849e33f0348ce32adb33\n',
  stderr: ''
}

Node.js v25.2.1
